../Core/Src/main.c:83:10:Read_Analog_Sensor	16	static
../Core/Src/main.c:104:9:Read_Digital_Sensor	4	static
../Core/Src/main.c:131:5:main	16	static
../Core/Src/main.c:227:6:Digital_Sensor_Task	16	static
../Core/Src/main.c:260:6:Analog_Sensor_Task	16	static
../Core/Src/main.c:296:6:SystemClock_Config	88	static
../Core/Src/main.c:338:13:MX_ADC1_Init	24	static
../Core/Src/main.c:390:13:MX_USART2_UART_Init	8	static
../Core/Src/main.c:423:13:MX_GPIO_Init	40	static
../Core/Src/main.c:456:6:StartDefaultTask	16	static
../Core/Src/main.c:475:6:HAL_TIM_PeriodElapsedCallback	16	static
../Core/Src/main.c:493:6:Error_Handler	4	static,ignoring_inline_asm
