../Core/Src/main.c:42:5:main	16	static
../Core/Src/main.c:78:5:uart2_write	16	static
../Core/Src/main.c:88:5:__io_putchar	16	static
../Core/Src/main.c:97:6:SenderTask1	32	static
../Core/Src/main.c:121:6:SenderTask2	32	static
../Core/Src/main.c:143:6:ReceiverTask	24	static
../Core/Src/main.c:167:6:SystemClock_Config	88	static
../Core/Src/main.c:207:13:MX_USART2_UART_Init	8	static
../Core/Src/main.c:240:13:MX_GPIO_Init	16	static
../Core/Src/main.c:261:6:HAL_TIM_PeriodElapsedCallback	16	static
../Core/Src/main.c:278:6:Error_Handler	4	static,ignoring_inline_asm
