../Core/Src/main.c:30:5:main	16	static
../Core/Src/main.c:62:6:Digital_Sensor_Task	16	static
../Core/Src/main.c:78:6:Analog_Sensor_Task	16	static
../Core/Src/main.c:96:6:LCDTask	16	static
../Core/Src/main.c:113:6:vApplicationStackOverflowHook	16	static
../Core/Src/main.c:132:6:SystemClock_Config	88	static
../Core/Src/main.c:172:13:MX_USART2_UART_Init	8	static
../Core/Src/main.c:205:13:MX_GPIO_Init	16	static
../Core/Src/main.c:226:6:HAL_TIM_PeriodElapsedCallback	16	static
../Core/Src/main.c:243:6:Error_Handler	4	static,ignoring_inline_asm
