../Core/Src/main.c:52:5:main	16	static
../Core/Src/main.c:96:6:vBlueLedContrllerTask	16	static
../Core/Src/main.c:110:6:vRedLedContrllerTask	16	static
../Core/Src/main.c:126:6:vGreenLedContrllerTask	16	static
../Core/Src/main.c:140:6:vApplicationIdleHook	4	static
../Core/Src/main.c:150:6:SystemClock_Config	88	static
../Core/Src/main.c:192:13:MX_USART2_UART_Init	8	static
../Core/Src/main.c:225:13:MX_GPIO_Init	16	static
../Core/Src/main.c:252:6:HAL_TIM_PeriodElapsedCallback	16	static
../Core/Src/main.c:270:6:Error_Handler	4	static,ignoring_inline_asm
