../Core/Src/main.c:30:5:main	24	static
../Core/Src/main.c:78:6:prvOneShotTimerCallBack	16	static
../Core/Src/main.c:103:6:prvAutoReloadTimerCallBack	16	static
../Core/Src/main.c:164:6:vApplicationStackOverflowHook	16	static
../Core/Src/main.c:183:6:SystemClock_Config	88	static
../Core/Src/main.c:223:13:MX_USART2_UART_Init	8	static
../Core/Src/main.c:256:13:MX_GPIO_Init	16	static
../Core/Src/main.c:277:6:HAL_TIM_PeriodElapsedCallback	16	static
../Core/Src/main.c:294:6:Error_Handler	4	static,ignoring_inline_asm
