../Core/Src/main.c:88:5:main	152	static
../Core/Src/main.c:185:6:vOrangeLedController	24	static
../Core/Src/main.c:201:6:vRedLedController	24	static
../Core/Src/main.c:220:6:vGreenLedController	24	static
../Core/Src/main.c:237:6:vBlueLedController	24	static
../Core/Src/main.c:270:6:Timer1_Callback	16	static
../Core/Src/main.c:276:6:Timer2_Callback	16	static
../Core/Src/main.c:286:6:SystemClock_Config	88	static
../Core/Src/main.c:328:13:MX_USART2_UART_Init	8	static
../Core/Src/main.c:361:13:MX_GPIO_Init	16	static
../Core/Src/main.c:388:6:HAL_TIM_PeriodElapsedCallback	16	static
../Core/Src/main.c:406:6:Error_Handler	4	static,ignoring_inline_asm
