../Core/Src/main.c:53:5:main	16	static
../Core/Src/main.c:89:6:SenderTask	32	static
../Core/Src/main.c:112:6:ReceiverTask	32	static
../Core/Src/main.c:149:5:uart2_write	16	static
C:\ST\STM32CubeIDE_1.14.1\STM32CubeIDE\plugins\com.st.stm32cube.ide.mcu.externaltools.gnu-tools-for-stm32.13.3.rel1.win32_1.0.0.202411081344\tools\bin/../lib/gcc/arm-none-eabi/13.3.1/../../../../arm-none-eabi/include/stdio.h:226:5:putchar	16	static
../Core/Src/main.c:175:6:SystemClock_Config	88	static
../Core/Src/main.c:217:13:MX_USART2_UART_Init	8	static
../Core/Src/main.c:250:13:MX_GPIO_Init	16	static
../Core/Src/main.c:277:6:HAL_TIM_PeriodElapsedCallback	16	static
../Core/Src/main.c:295:6:Error_Handler	4	static,ignoring_inline_asm
