../Core/Src/main.c:36:5:main	16	static
../Core/Src/main.c:70:6:Task1	24	static
../Core/Src/main.c:93:6:Task2	24	static
../Core/Src/main.c:114:6:Task3	24	static
../Core/Src/main.c:173:6:vApplicationStackOverflowHook	16	static
../Core/Src/main.c:192:6:SystemClock_Config	88	static
../Core/Src/main.c:232:13:MX_USART2_UART_Init	8	static
../Core/Src/main.c:265:13:MX_GPIO_Init	16	static
../Core/Src/main.c:286:6:HAL_TIM_PeriodElapsedCallback	16	static
../Core/Src/main.c:303:6:Error_Handler	4	static,ignoring_inline_asm
