../Core/Src/main.c:55:5:main	16	static
../Core/Src/main.c:99:6:vBlueLedContrllerTask	16	static
../Core/Src/main.c:119:6:vRedLedContrllerTask	16	static
../Core/Src/main.c:136:6:vGreenLedContrllerTask	16	static
../Core/Src/main.c:152:6:SystemClock_Config	88	static
../Core/Src/main.c:194:13:MX_USART2_UART_Init	8	static
../Core/Src/main.c:227:13:MX_GPIO_Init	16	static
../Core/Src/main.c:254:6:HAL_TIM_PeriodElapsedCallback	16	static
../Core/Src/main.c:272:6:Error_Handler	4	static,ignoring_inline_asm
