../Core/Src/main.c:54:5:main	16	static
../Core/Src/main.c:98:6:vBlueLedContrllerTask	16	static
../Core/Src/main.c:111:6:vRedLedContrllerTask	16	static
../Core/Src/main.c:128:6:vGreenLedContrllerTask	16	static
../Core/Src/main.c:145:6:SystemClock_Config	88	static
../Core/Src/main.c:187:13:MX_USART2_UART_Init	8	static
../Core/Src/main.c:220:13:MX_GPIO_Init	16	static
../Core/Src/main.c:247:6:HAL_TIM_PeriodElapsedCallback	16	static
../Core/Src/main.c:265:6:Error_Handler	4	static,ignoring_inline_asm
