../Core/Src/main.c:25:5:main	16	static
../Core/Src/main.c:61:6:vOrangeLedController	24	static
../Core/Src/main.c:73:6:vRedLedController	24	static
../Core/Src/main.c:85:6:vGreenLedController	24	static
../Core/Src/main.c:97:6:vBlueLedController	24	static
../Core/Src/main.c:148:6:vApplicationStackOverflowHook	16	static
../Core/Src/main.c:167:6:SystemClock_Config	88	static
../Core/Src/main.c:207:13:MX_USART2_UART_Init	8	static
../Core/Src/main.c:240:13:MX_GPIO_Init	16	static
../Core/Src/main.c:261:6:HAL_TIM_PeriodElapsedCallback	16	static
../Core/Src/main.c:278:6:Error_Handler	4	static,ignoring_inline_asm
