../Core/Src/main.c:80:5:main	152	static
../Core/Src/main.c:175:6:vOrangeLedController	24	static
../Core/Src/main.c:191:6:vRedLedController	24	static
../Core/Src/main.c:208:6:vGreenLedController	24	static
../Core/Src/main.c:225:6:vBlueLedController	24	static
../Core/Src/main.c:258:6:Timer1_Callback	16	static
../Core/Src/main.c:264:6:Timer2_Callback	16	static
../Core/Src/main.c:274:6:SystemClock_Config	88	static
../Core/Src/main.c:316:13:MX_USART2_UART_Init	8	static
../Core/Src/main.c:349:13:MX_GPIO_Init	16	static
../Core/Src/main.c:376:6:HAL_TIM_PeriodElapsedCallback	16	static
../Core/Src/main.c:394:6:Error_Handler	4	static,ignoring_inline_asm
