../Core/Src/main.c:52:5:main	152	static
../Core/Src/main.c:133:6:vOrangeLedController	24	static
../Core/Src/main.c:149:6:vRedLedController	24	static
../Core/Src/main.c:162:6:vGreenLedController	24	static
../Core/Src/main.c:176:6:vBlueLedController	24	static
../Core/Src/main.c:198:6:SystemClock_Config	88	static
../Core/Src/main.c:240:13:MX_USART2_UART_Init	8	static
../Core/Src/main.c:273:13:MX_GPIO_Init	16	static
../Core/Src/main.c:300:6:HAL_TIM_PeriodElapsedCallback	16	static
../Core/Src/main.c:318:6:Error_Handler	4	static,ignoring_inline_asm
