../Core/Src/main.c:51:5:main	152	static
../Core/Src/main.c:133:6:vOrangeLedController	24	static
../Core/Src/main.c:145:6:vRedLedController	24	static
../Core/Src/main.c:158:6:vGreenLedController	24	static
../Core/Src/main.c:171:6:vBlueLedController	24	static
../Core/Src/main.c:191:6:SystemClock_Config	88	static
../Core/Src/main.c:233:13:MX_USART2_UART_Init	8	static
../Core/Src/main.c:266:13:MX_GPIO_Init	16	static
../Core/Src/main.c:293:6:HAL_TIM_PeriodElapsedCallback	16	static
../Core/Src/main.c:311:6:Error_Handler	4	static,ignoring_inline_asm
