../Core/Src/main.c:54:5:main	16	static
../Core/Src/main.c:98:6:vBlueLedContrllerTask	24	static
../Core/Src/main.c:123:6:vRedLedContrllerTask	24	static
../Core/Src/main.c:150:6:vGreenLedContrllerTask	24	static
../Core/Src/main.c:166:6:SystemClock_Config	88	static
../Core/Src/main.c:208:13:MX_USART2_UART_Init	8	static
../Core/Src/main.c:241:13:MX_GPIO_Init	16	static
../Core/Src/main.c:268:6:HAL_TIM_PeriodElapsedCallback	16	static
../Core/Src/main.c:286:6:Error_Handler	4	static,ignoring_inline_asm
