../Core/Src/main.c:57:5:main	152	static
../Core/Src/main.c:138:6:vOrangeLedController	24	static
../Core/Src/main.c:162:6:vRedLedController	24	static
../Core/Src/main.c:182:6:vGreenLedController	24	static
../Core/Src/main.c:195:6:vBlueLedController	24	static
../Core/Src/main.c:215:6:SystemClock_Config	88	static
../Core/Src/main.c:257:13:MX_USART2_UART_Init	8	static
../Core/Src/main.c:290:13:MX_GPIO_Init	16	static
../Core/Src/main.c:317:6:HAL_TIM_PeriodElapsedCallback	16	static
../Core/Src/main.c:335:6:Error_Handler	4	static,ignoring_inline_asm
