../Core/Src/main.c:60:5:main	16	static
../Core/Src/main.c:111:6:vLedContrllerTask	24	static
../Core/Src/main.c:130:6:vRedLedContrllerTask	16	static
../Core/Src/main.c:146:6:vGreenLedContrllerTask	16	static
../Core/Src/main.c:161:6:vOrangeLedContrllerTask	16	static
../Core/Src/main.c:177:6:SystemClock_Config	88	static
../Core/Src/main.c:219:13:MX_USART2_UART_Init	8	static
../Core/Src/main.c:252:13:MX_GPIO_Init	40	static
../Core/Src/main.c:292:6:HAL_TIM_PeriodElapsedCallback	16	static
../Core/Src/main.c:310:6:Error_Handler	4	static,ignoring_inline_asm
