../Core/Src/main.c:34:5:main	16	static
../Core/Src/main.c:69:6:InputTask1	16	static
../Core/Src/main.c:82:6:InputTask2	16	static
../Core/Src/main.c:96:6:InputTask3	16	static
../Core/Src/main.c:112:6:OutputTask	32	static
../Core/Src/main.c:196:6:vApplicationStackOverflowHook	16	static
../Core/Src/main.c:215:6:SystemClock_Config	88	static
../Core/Src/main.c:255:13:MX_USART2_UART_Init	8	static
../Core/Src/main.c:288:13:MX_GPIO_Init	16	static
../Core/Src/main.c:309:6:HAL_TIM_PeriodElapsedCallback	16	static
../Core/Src/main.c:326:6:Error_Handler	4	static,ignoring_inline_asm
