../Core/Src/main.c:79:5:main	152	static
../Core/Src/main.c:174:6:vOrangeLedController	24	static
../Core/Src/main.c:190:6:vRedLedController	24	static
../Core/Src/main.c:207:6:vGreenLedController	24	static
../Core/Src/main.c:221:6:vBlueLedController	24	static
../Core/Src/main.c:256:6:Timer1_Callback	16	static
../Core/Src/main.c:262:6:Timer2_Callback	16	static
../Core/Src/main.c:272:6:SystemClock_Config	88	static
../Core/Src/main.c:314:13:MX_USART2_UART_Init	8	static
../Core/Src/main.c:347:13:MX_GPIO_Init	16	static
../Core/Src/main.c:374:6:HAL_TIM_PeriodElapsedCallback	16	static
../Core/Src/main.c:392:6:Error_Handler	4	static,ignoring_inline_asm
