../Core/Src/main.c:30:5:main	16	static
../Core/Src/main.c:61:13:vEventBitSettingInTask	24	static
../Core/Src/main.c:86:13:vEventBitReadingInTask	40	static
../Core/Src/main.c:178:6:vApplicationStackOverflowHook	16	static
../Core/Src/main.c:197:6:SystemClock_Config	88	static
../Core/Src/main.c:237:13:MX_USART2_UART_Init	8	static
../Core/Src/main.c:270:13:MX_GPIO_Init	16	static
../Core/Src/main.c:291:6:HAL_TIM_PeriodElapsedCallback	16	static
../Core/Src/main.c:308:6:Error_Handler	4	static,ignoring_inline_asm
