03:48:58 **** Incremental Build of configuration Debug for project 17_WorkingwithQueuesets ****
make -j12 all 
arm-none-eabi-gcc "../Core/Src/main.c" -mcpu=cortex-m4 -std=gnu11 -g3 -DDEBUG -DUSE_HAL_DRIVER -DSTM32F446xx -c -I../Core/Inc -I../Drivers/STM32F4xx_HAL_Driver/Inc -I../Drivers/STM32F4xx_HAL_Driver/Inc/Legacy -I../Drivers/CMSIS/Device/ST/STM32F4xx/Include -I../Drivers/CMSIS/Include -I../Middlewares/Third_Party/FreeRTOS/Source/include -I../Middlewares/Third_Party/FreeRTOS/Source/CMSIS_RTOS_V2 -I../Middlewares/Third_Party/FreeRTOS/Source/portable/GCC/ARM_CM4F -O0 -ffunction-sections -fdata-sections -Wall -fstack-usage -fcyclomatic-complexity -MMD -MP -MF"Core/Src/main.d" -MT"Core/Src/main.o" --specs=nano.specs -mfpu=fpv4-sp-d16 -mfloat-abi=hard -mthumb -o "Core/Src/main.o"
arm-none-eabi-gcc -o "17_WorkingwithQueuesets.elf" @"objects.list"   -mcpu=cortex-m4 -T"C:\Users\eslam\STM32CubeIDE\workspace_1.14.1\17_WorkingwithQueuesets\STM32F446RETX_FLASH.ld" --specs=nosys.specs -Wl,-Map="17_WorkingwithQueuesets.map" -Wl,--gc-sections -static --specs=nano.specs -mfpu=fpv4-sp-d16 -mfloat-abi=hard -mthumb -u _printf_float -Wl,--start-group -lc -lm -Wl,--end-group
Finished building target: 17_WorkingwithQueuesets.elf
 
arm-none-eabi-size  17_WorkingwithQueuesets.elf 
arm-none-eabi-objdump -h -S 17_WorkingwithQueuesets.elf  > "17_WorkingwithQueuesets.list"
   text	   data	    bss	    dec	    hex	filename
  36280	    472	  20840	  57592	   e0f8	17_WorkingwithQueuesets.elf
Finished building: default.size.stdout
 
Finished building: 17_WorkingwithQueuesets.list
 

03:48:59 Build Finished. 0 errors, 0 warnings. (took 908ms)

