14:43:15 **** Incremental Build of configuration Debug for project 1_Task_creation ****
make -j12 all 
arm-none-eabi-gcc "../Core/Src/main.c" -mcpu=cortex-m4 -std=gnu11 -g3 -DDEBUG -DUSE_HAL_DRIVER -DSTM32F446xx -c -I../Core/Inc -I../Drivers/STM32F4xx_HAL_Driver/Inc -I../Drivers/STM32F4xx_HAL_Driver/Inc/Legacy -I../Drivers/CMSIS/Device/ST/STM32F4xx/Include -I../Drivers/CMSIS/Include -I../Middlewares/Third_Party/FreeRTOS/Source/include -I../Middlewares/Third_Party/FreeRTOS/Source/CMSIS_RTOS_V2 -I../Middlewares/Third_Party/FreeRTOS/Source/portable/GCC/ARM_CM4F -O0 -ffunction-sections -fdata-sections -Wall -fstack-usage -fcyclomatic-complexity -MMD -MP -MF"Core/Src/main.d" -MT"Core/Src/main.o" --specs=nano.specs -mfpu=fpv4-sp-d16 -mfloat-abi=hard -mthumb -o "Core/Src/main.o"
arm-none-eabi-gcc -o "1_Task_creation.elf" @"objects.list"   -mcpu=cortex-m4 -T"C:\Users\eslam\Desktop\RTOS\FirstProject\STM32F446RETX_FLASH.ld" --specs=nosys.specs -Wl,-Map="1_Task_creation.map" -Wl,--gc-sections -static --specs=nano.specs -mfpu=fpv4-sp-d16 -mfloat-abi=hard -mthumb -Wl,--start-group -lc -lm -Wl,--end-group
Finished building target: 1_Task_creation.elf
 
arm-none-eabi-size  1_Task_creation.elf 
arm-none-eabi-objdump -h -S 1_Task_creation.elf  > "1_Task_creation.list"
   text	   data	    bss	    dec	    hex	filename
  20312	     16	  20488	  40816	   9f70	1_Task_creation.elf
Finished building: default.size.stdout
 
Finished building: 1_Task_creation.list
 

14:43:16 Build Finished. 0 errors, 0 warnings. (took 859ms)

