23:31:21 **** Incremental Build of configuration Debug for project 32_TheScheduler_Preemption Only ****
make -j12 all 
arm-none-eabi-gcc "../Core/Src/main.c" -mcpu=cortex-m4 -std=gnu11 -g3 -DDEBUG -DUSE_HAL_DRIVER -DSTM32F446xx -c -I../Core/Inc -I../Drivers/STM32F4xx_HAL_Driver/Inc -I../Drivers/STM32F4xx_HAL_Driver/Inc/Legacy -I../Drivers/CMSIS/Device/ST/STM32F4xx/Include -I../Drivers/CMSIS/Include -I../Middlewares/Third_Party/FreeRTOS/Source/include -I../Middlewares/Third_Party/FreeRTOS/Source/CMSIS_RTOS_V2 -I../Middlewares/Third_Party/FreeRTOS/Source/portable/GCC/ARM_CM4F -O0 -ffunction-sections -fdata-sections -Wall -fstack-usage -fcyclomatic-complexity -MMD -MP -MF"Core/Src/main.d" -MT"Core/Src/main.o" --specs=nano.specs -mfpu=fpv4-sp-d16 -mfloat-abi=hard -mthumb -o "Core/Src/main.o"
../Core/Src/main.c: In function 'main':
../Core/Src/main.c:38:51: warning: implicit declaration of function 'strlen' [-Wimplicit-function-declaration]
   38 |         HAL_UART_Transmit(&huart2, (uint8_t*)msg, strlen(msg), HAL_MAX_DELAY);
      |                                                   ^~~~~~
../Core/Src/main.c:5:1: note: include '<string.h>' or provide a declaration of 'strlen'
    4 | #include "stdio.h"
  +++ |+#include <string.h>
    5 | 
../Core/Src/main.c:38:51: warning: incompatible implicit declaration of built-in function 'strlen' [-Wbuiltin-declaration-mismatch]
   38 |         HAL_UART_Transmit(&huart2, (uint8_t*)msg, strlen(msg), HAL_MAX_DELAY);
      |                                                   ^~~~~~
../Core/Src/main.c:38:51: note: include '<string.h>' or provide a declaration of 'strlen'
arm-none-eabi-gcc -o "32_TheScheduler_Preemption Only.elf" @"objects.list"   -mcpu=cortex-m4 -T"C:\Users\eslam\STM32CubeIDE\workspace_1.14.1\32_TheScheduler_Preemption Only\STM32F446RETX_FLASH.ld" --specs=nosys.specs -Wl,-Map="32_TheScheduler_Preemption Only.map" -Wl,--gc-sections -static --specs=nano.specs -mfpu=fpv4-sp-d16 -mfloat-abi=hard -mthumb -u _printf_float -Wl,--start-group -lc -lm -Wl,--end-group
Finished building target: 32_TheScheduler_Preemption Only.elf
 
arm-none-eabi-size  32_TheScheduler_Preemption\ Only.elf 
arm-none-eabi-objdump -h -S 32_TheScheduler_Preemption\ Only.elf  > "32_TheScheduler_Preemption Only.list"
   text	   data	    bss	    dec	    hex	filename
  36808	    472	  20936	  58216	   e368	32_TheScheduler_Preemption Only.elf
Finished building: default.size.stdout
 
Finished building: 32_TheScheduler_Preemption Only.list
 

23:31:22 Build Finished. 0 errors, 2 warnings. (took 962ms)

