04:09:06 **** Incremental Build of configuration Debug for project 39_Cmsis-Rtos_ThreadTerminate ****
make -j12 all 
arm-none-eabi-gcc "../Core/Src/main.c" -mcpu=cortex-m4 -std=gnu11 -g3 -DDEBUG -DUSE_HAL_DRIVER -DSTM32F446xx -c -I../Core/Inc -I../Drivers/STM32F4xx_HAL_Driver/Inc -I../Drivers/STM32F4xx_HAL_Driver/Inc/Legacy -I../Drivers/CMSIS/Device/ST/STM32F4xx/Include -I../Drivers/CMSIS/Include -I../Middlewares/Third_Party/FreeRTOS/Source/include -I../Middlewares/Third_Party/FreeRTOS/Source/CMSIS_RTOS_V2 -I../Middlewares/Third_Party/FreeRTOS/Source/portable/GCC/ARM_CM4F -O0 -ffunction-sections -fdata-sections -Wall -fstack-usage -fcyclomatic-complexity -MMD -MP -MF"Core/Src/main.d" -MT"Core/Src/main.o" --specs=nano.specs -mfpu=fpv4-sp-d16 -mfloat-abi=hard -mthumb -o "Core/Src/main.o"
arm-none-eabi-gcc -o "39_Cmsis-Rtos_ThreadTerminate.elf" @"objects.list"   -mcpu=cortex-m4 -T"C:\Users\eslam\STM32CubeIDE\workspace_1.14.1\39_Cmsis-Rtos_ThreadTerminate\STM32F446RETX_FLASH.ld" --specs=nosys.specs -Wl,-Map="39_Cmsis-Rtos_ThreadTerminate.map" -Wl,--gc-sections -static --specs=nano.specs -mfpu=fpv4-sp-d16 -mfloat-abi=hard -mthumb -u _printf_float -Wl,--start-group -lc -lm -Wl,--end-group
Finished building target: 39_Cmsis-Rtos_ThreadTerminate.elf
 
arm-none-eabi-size  39_Cmsis-Rtos_ThreadTerminate.elf 
arm-none-eabi-objdump -h -S 39_Cmsis-Rtos_ThreadTerminate.elf  > "39_Cmsis-Rtos_ThreadTerminate.list"
   text	   data	    bss	    dec	    hex	filename
  35676	    472	  20856	  57004	   deac	39_Cmsis-Rtos_ThreadTerminate.elf
Finished building: default.size.stdout
 
Finished building: 39_Cmsis-Rtos_ThreadTerminate.list
 

04:09:07 Build Finished. 0 errors, 0 warnings. (took 1s.18ms)

