02:27:28 **** Incremental Build of configuration Debug for project 44_Cmsis-Rtos_ CreatingMessageQueues ****
make -j12 all 
arm-none-eabi-gcc "../Core/Src/main.c" -mcpu=cortex-m4 -std=gnu11 -g3 -DDEBUG -DUSE_HAL_DRIVER -DSTM32F446xx -c -I../Core/Inc -I../Drivers/STM32F4xx_HAL_Driver/Inc -I../Drivers/STM32F4xx_HAL_Driver/Inc/Legacy -I../Drivers/CMSIS/Device/ST/STM32F4xx/Include -I../Drivers/CMSIS/Include -I../Middlewares/Third_Party/FreeRTOS/Source/include -I../Middlewares/Third_Party/FreeRTOS/Source/CMSIS_RTOS_V2 -I../Middlewares/Third_Party/FreeRTOS/Source/portable/GCC/ARM_CM4F -O0 -ffunction-sections -fdata-sections -Wall -fstack-usage -fcyclomatic-complexity -MMD -MP -MF"Core/Src/main.d" -MT"Core/Src/main.o" --specs=nano.specs -mfpu=fpv4-sp-d16 -mfloat-abi=hard -mthumb -o "Core/Src/main.o"
../Core/Src/main.c: In function 'main':
../Core/Src/main.c:98:51: warning: implicit declaration of function 'strlen' [-Wimplicit-function-declaration]
   98 |         HAL_UART_Transmit(&huart2, (uint8_t*)msg, strlen(msg), HAL_MAX_DELAY);
      |                                                   ^~~~~~
../Core/Src/main.c:25:1: note: include '<string.h>' or provide a declaration of 'strlen'
   24 | #include <stdbool.h>
  +++ |+#include <string.h>
   25 | 
../Core/Src/main.c:98:51: warning: incompatible implicit declaration of built-in function 'strlen' [-Wbuiltin-declaration-mismatch]
   98 |         HAL_UART_Transmit(&huart2, (uint8_t*)msg, strlen(msg), HAL_MAX_DELAY);
      |                                                   ^~~~~~
../Core/Src/main.c:98:51: note: include '<string.h>' or provide a declaration of 'strlen'
../Core/Src/main.c: In function 'vBlueLedController':
../Core/Src/main.c:244:59: warning: incompatible implicit declaration of built-in function 'strlen' [-Wbuiltin-declaration-mismatch]
  244 |                 HAL_UART_Transmit(&huart2, (uint8_t*)msg, strlen(msg), HAL_MAX_DELAY);
      |                                                           ^~~~~~
../Core/Src/main.c:244:59: note: include '<string.h>' or provide a declaration of 'strlen'
arm-none-eabi-gcc -o "44_Cmsis-Rtos_ CreatingMessageQueues.elf" @"objects.list"   -mcpu=cortex-m4 -T"C:\Users\eslam\STM32CubeIDE\workspace_1.14.1\44_Cmsis-Rtos_ CreatingMessageQueues\STM32F446RETX_FLASH.ld" --specs=nosys.specs -Wl,-Map="44_Cmsis-Rtos_ CreatingMessageQueues.map" -Wl,--gc-sections -static --specs=nano.specs -mfpu=fpv4-sp-d16 -mfloat-abi=hard -mthumb -u _printf_float -Wl,--start-group -lc -lm -Wl,--end-group
Finished building target: 44_Cmsis-Rtos_ CreatingMessageQueues.elf
 
arm-none-eabi-size  44_Cmsis-Rtos_\ CreatingMessageQueues.elf 
arm-none-eabi-objdump -h -S 44_Cmsis-Rtos_\ CreatingMessageQueues.elf  > "44_Cmsis-Rtos_ CreatingMessageQueues.list"
   text	   data	    bss	    dec	    hex	filename
  40300	    472	  20976	  61748	   f134	44_Cmsis-Rtos_ CreatingMessageQueues.elf
Finished building: default.size.stdout
 
Finished building: 44_Cmsis-Rtos_ CreatingMessageQueues.list
 

02:27:29 Build Finished. 0 errors, 3 warnings. (took 912ms)

