02:44:52 **** Incremental Build of configuration Debug for project 45_Cmsis-Rtos_ EventFlags ****
make -j12 all 
arm-none-eabi-gcc "../Core/Src/main.c" -mcpu=cortex-m4 -std=gnu11 -g3 -DDEBUG -DUSE_HAL_DRIVER -DSTM32F446xx -c -I../Core/Inc -I../Drivers/STM32F4xx_HAL_Driver/Inc -I../Drivers/STM32F4xx_HAL_Driver/Inc/Legacy -I../Drivers/CMSIS/Device/ST/STM32F4xx/Include -I../Drivers/CMSIS/Include -I../Middlewares/Third_Party/FreeRTOS/Source/include -I../Middlewares/Third_Party/FreeRTOS/Source/CMSIS_RTOS_V2 -I../Middlewares/Third_Party/FreeRTOS/Source/portable/GCC/ARM_CM4F -O0 -ffunction-sections -fdata-sections -Wall -fstack-usage -fcyclomatic-complexity -MMD -MP -MF"Core/Src/main.d" -MT"Core/Src/main.o" --specs=nano.specs -mfpu=fpv4-sp-d16 -mfloat-abi=hard -mthumb -o "Core/Src/main.o"
../Core/Src/main.c: In function 'main':
../Core/Src/main.c:106:51: warning: implicit declaration of function 'strlen' [-Wimplicit-function-declaration]
  106 |         HAL_UART_Transmit(&huart2, (uint8_t*)msg, strlen(msg), HAL_MAX_DELAY);
      |                                                   ^~~~~~
../Core/Src/main.c:25:1: note: include '<string.h>' or provide a declaration of 'strlen'
   24 | #include <stdbool.h>
  +++ |+#include <string.h>
   25 | 
../Core/Src/main.c:106:51: warning: incompatible implicit declaration of built-in function 'strlen' [-Wbuiltin-declaration-mismatch]
  106 |         HAL_UART_Transmit(&huart2, (uint8_t*)msg, strlen(msg), HAL_MAX_DELAY);
      |                                                   ^~~~~~
../Core/Src/main.c:106:51: note: include '<string.h>' or provide a declaration of 'strlen'
../Core/Src/main.c: In function 'vRedLedController':
../Core/Src/main.c:204:18: warning: unused variable 'valueToSend' [-Wunused-variable]
  204 |         uint16_t valueToSend[1]={2025};
      |                  ^~~~~~~~~~~
../Core/Src/main.c: In function 'vBlueLedController':
../Core/Src/main.c:256:59: warning: incompatible implicit declaration of built-in function 'strlen' [-Wbuiltin-declaration-mismatch]
  256 |                 HAL_UART_Transmit(&huart2, (uint8_t*)msg, strlen(msg), HAL_MAX_DELAY);
      |                                                           ^~~~~~
../Core/Src/main.c:256:59: note: include '<string.h>' or provide a declaration of 'strlen'
arm-none-eabi-gcc -o "45_Cmsis-Rtos_ EventFlags.elf" @"objects.list"   -mcpu=cortex-m4 -T"C:\Users\eslam\STM32CubeIDE\workspace_1.14.1\45_Cmsis-Rtos_ EventFlags\STM32F446RETX_FLASH.ld" --specs=nosys.specs -Wl,-Map="45_Cmsis-Rtos_ EventFlags.map" -Wl,--gc-sections -static --specs=nano.specs -mfpu=fpv4-sp-d16 -mfloat-abi=hard -mthumb -u _printf_float -Wl,--start-group -lc -lm -Wl,--end-group
Finished building target: 45_Cmsis-Rtos_ EventFlags.elf
 
arm-none-eabi-size  45_Cmsis-Rtos_\ EventFlags.elf 
arm-none-eabi-objdump -h -S 45_Cmsis-Rtos_\ EventFlags.elf  > "45_Cmsis-Rtos_ EventFlags.list"
   text	   data	    bss	    dec	    hex	filename
  41612	    472	  20984	  63068	   f65c	45_Cmsis-Rtos_ EventFlags.elf
Finished building: default.size.stdout
 
Finished building: 45_Cmsis-Rtos_ EventFlags.list
 

02:44:53 Build Finished. 0 errors, 4 warnings. (took 1s.11ms)

