18:15:31 **** Incremental Build of configuration Debug for project 7_GettingTaskPriority ****
make -j12 all 
arm-none-eabi-gcc "../Core/Src/main.c" -mcpu=cortex-m4 -std=gnu11 -g3 -DDEBUG -DUSE_HAL_DRIVER -DSTM32F446xx -c -I../Core/Inc -I../Drivers/STM32F4xx_HAL_Driver/Inc -I../Drivers/STM32F4xx_HAL_Driver/Inc/Legacy -I../Drivers/CMSIS/Device/ST/STM32F4xx/Include -I../Drivers/CMSIS/Include -I../Middlewares/Third_Party/FreeRTOS/Source/include -I../Middlewares/Third_Party/FreeRTOS/Source/CMSIS_RTOS_V2 -I../Middlewares/Third_Party/FreeRTOS/Source/portable/GCC/ARM_CM4F -O0 -ffunction-sections -fdata-sections -Wall -fstack-usage -fcyclomatic-complexity -MMD -MP -MF"Core/Src/main.d" -MT"Core/Src/main.o" --specs=nano.specs -mfpu=fpv4-sp-d16 -mfloat-abi=hard -mthumb -o "Core/Src/main.o"
arm-none-eabi-gcc -o "7_GettingTaskPriority.elf" @"objects.list"   -mcpu=cortex-m4 -T"C:\Users\eslam\STM32CubeIDE\workspace_1.14.1\7_GettingTaskPriority\STM32F446RETX_FLASH.ld" --specs=nosys.specs -Wl,-Map="7_GettingTaskPriority.map" -Wl,--gc-sections -static --specs=nano.specs -mfpu=fpv4-sp-d16 -mfloat-abi=hard -mthumb -Wl,--start-group -lc -lm -Wl,--end-group
Finished building target: 7_GettingTaskPriority.elf
 
arm-none-eabi-size  7_GettingTaskPriority.elf 
arm-none-eabi-objdump -h -S 7_GettingTaskPriority.elf  > "7_GettingTaskPriority.list"
   text	   data	    bss	    dec	    hex	filename
  20680	     16	  20504	  41200	   a0f0	7_GettingTaskPriority.elf
Finished building: default.size.stdout
 
Finished building: 7_GettingTaskPriority.list
 

18:15:33 Build Finished. 0 errors, 0 warnings. (took 1s.679ms)

